// Jest Snapshot v1, https://goo.gl/fbAQLP

exports[`Button render with default props 1`] = `
<button
  className={
    Object {
      "has": [Function],
      "is": [Function],
      "mix": [Function],
      "split": [Function],
      "state": [Function],
      "toString": [Function],
    }
  }
  type="submit"
>
  Button
</button>
`;
